docket:settings:sources:0:name=test
docket:settings:sources:0:source=TEST_SOURCE
