test
+---aaa
    * @@ a (1)
    
    +--bbb
    |  * @@ ab (1)
    |  
    |  +--ccc
    |     * @@ abc (1)
    |     
    |     +--ddd
    |        * @@ abcd (1)
    |        
    +--aaa
       * @@ aa (0)
       
